under ubuntu system learn git.

